*** WELCOME TO QUA'DAR ***
You materialize in the Merchandise Store Room.
